exports[`test has to be valid schema 1`] = `
Object {
  "data": Object {
    "group": Object {
      "id": "1338",
    },
    "is_admin": true,
    "user": Object {
      "id": "1337",
    },
  },
}
`;
